[INFO] Scanning for projects...
[INFO] 
[INFO] -------------------------< com.notus:backend >--------------------------
[INFO] Building NotusBackend 0.0.1-SNAPSHOT
[INFO]   from pom.xml
[INFO] --------------------------------[ jar ]---------------------------------
[INFO] 
[INFO] --- resources:3.3.1:resources (default-resources) @ backend ---
[INFO] Copying 1 resource from src\main\resources to target\classes
[INFO] Copying 0 resource from src\main\resources to target\classes
[INFO] 
[INFO] --- compiler:3.14.1:compile (default-compile) @ backend ---
[INFO] Recompiling the module because of changed source code.
[INFO] Compiling 45 source files with javac [debug parameters release 21] to target\classes
[INFO] -------------------------------------------------------------
[ERROR] COMPILATION ERROR : 
[INFO] -------------------------------------------------------------
[ERROR] /F:/Notus App/NotusBackend/src/main/java/com/notus/backend/attendance/AttendanceService.java:[19,19] cannot find symbol
  symbol:   class StudentRepository
  location: class com.notus.backend.attendance.AttendanceService
[ERROR] /F:/Notus App/NotusBackend/src/main/java/com/notus/backend/attendance/AttendanceService.java:[20,19] cannot find symbol
  symbol:   class TeacherRepository
  location: class com.notus.backend.attendance.AttendanceService
[ERROR] /F:/Notus App/NotusBackend/src/main/java/com/notus/backend/attendance/AttendanceService.java:[27,13] cannot find symbol
  symbol:   class StudentRepository
  location: class com.notus.backend.attendance.AttendanceService
[ERROR] /F:/Notus App/NotusBackend/src/main/java/com/notus/backend/attendance/AttendanceService.java:[28,13] cannot find symbol
  symbol:   class TeacherRepository
  location: class com.notus.backend.attendance.AttendanceService
[INFO] 4 errors 
[INFO] -------------------------------------------------------------
[INFO] ------------------------------------------------------------------------
[INFO] BUILD FAILURE
[INFO] ------------------------------------------------------------------------
[INFO] Total time:  2.761 s
[INFO] Finished at: 2026-03-24T22:14:28+01:00
[INFO] ------------------------------------------------------------------------
[ERROR] Failed to execute goal org.apache.maven.plugins:maven-compiler-plugin:3.14.1:compile (default-compile) on project backend: Compilation failure: Compilation failure: 
[ERROR] /F:/Notus App/NotusBackend/src/main/java/com/notus/backend/attendance/AttendanceService.java:[19,19] cannot find symbol
[ERROR]   symbol:   class StudentRepository
[ERROR]   location: class com.notus.backend.attendance.AttendanceService
[ERROR] /F:/Notus App/NotusBackend/src/main/java/com/notus/backend/attendance/AttendanceService.java:[20,19] cannot find symbol
[ERROR]   symbol:   class TeacherRepository
[ERROR]   location: class com.notus.backend.attendance.AttendanceService
[ERROR] /F:/Notus App/NotusBackend/src/main/java/com/notus/backend/attendance/AttendanceService.java:[27,13] cannot find symbol
[ERROR]   symbol:   class StudentRepository
[ERROR]   location: class com.notus.backend.attendance.AttendanceService
[ERROR] /F:/Notus App/NotusBackend/src/main/java/com/notus/backend/attendance/AttendanceService.java:[28,13] cannot find symbol
[ERROR]   symbol:   class TeacherRepository
[ERROR]   location: class com.notus.backend.attendance.AttendanceService
[ERROR] -> [Help 1]
[ERROR] 
[ERROR] To see the full stack trace of the errors, re-run Maven with the -e switch.
[ERROR] Re-run Maven using the -X switch to enable full debug logging.
[ERROR] 
[ERROR] For more information about the errors and possible solutions, please read the following articles:
[ERROR] [Help 1] http://cwiki.apache.org/confluence/display/MAVEN/MojoFailureException
